../Drivers/STM32WLxx_HAL_Driver/Inc/stm32wlxx_ll_bus.h:449:22:LL_AHB2_GRP1_EnableClock	24	static
../Drivers/STM32WLxx_HAL_Driver/Inc/stm32wlxx_ll_bus.h:914:22:LL_APB1_GRP1_EnableClock	24	static
../Drivers/STM32WLxx_HAL_Driver/Inc/stm32wlxx_ll_i2c.h:644:22:LL_I2C_EnableClockStretching	16	static
../Drivers/STM32WLxx_HAL_Driver/Inc/stm32wlxx_ll_i2c.h:764:22:LL_I2C_DisableGeneralCall	16	static
../Drivers/STM32WLxx_HAL_Driver/Inc/stm32wlxx_ll_i2c.h:875:22:LL_I2C_SetOwnAddress2	24	static
../Drivers/STM32WLxx_HAL_Driver/Inc/stm32wlxx_ll_i2c.h:897:22:LL_I2C_DisableOwnAddress2	16	static
../Drivers/STM32WLxx_HAL_Driver/Inc/stm32wlxx_ll_i2c.h:1879:22:LL_I2C_EnableAutoEndMode	16	static
../Core/Inc/sensor_log.h:23:20:format_csv_line	72	static
../Core/Src/main.c:116:6:myprintf	16	static
../Core/Src/main.c:138:5:main	1872	static
../Core/Src/main.c:337:6:SystemClock_Config	112	static
../Core/Src/main.c:380:13:MX_I2C1_Init	120	static
../Core/Src/main.c:447:13:MX_LPUART1_UART_Init	8	static
../Core/Src/main.c:496:13:MX_SPI1_Init	8	static
../Core/Src/main.c:536:13:MX_GPIO_Init	32	static
../Core/Src/main.c:561:5:open	32	static
../Core/Src/main.c:579:6:close	16	static
../Core/Src/main.c:585:5:read	88	dynamic
../Core/Src/main.c:643:5:write	40	static
../Core/Src/main.c:654:10:get_time_us	16	static
../Core/Src/main.c:658:6:eventCallback	16	static
../Core/Src/main.c:661:6:sensorCallback	24	static
../Core/Src/main.c:684:6:Error_Handler	4	static,ignoring_inline_asm
