../Drivers/STM32WLxx_HAL_Driver/Inc/stm32wlxx_ll_bus.h:449:22:LL_AHB2_GRP1_EnableClock	24	static
../Drivers/STM32WLxx_HAL_Driver/Inc/stm32wlxx_ll_bus.h:914:22:LL_APB1_GRP1_EnableClock	24	static
../Drivers/STM32WLxx_HAL_Driver/Inc/stm32wlxx_ll_i2c.h:644:22:LL_I2C_EnableClockStretching	16	static
../Drivers/STM32WLxx_HAL_Driver/Inc/stm32wlxx_ll_i2c.h:764:22:LL_I2C_DisableGeneralCall	16	static
../Drivers/STM32WLxx_HAL_Driver/Inc/stm32wlxx_ll_i2c.h:875:22:LL_I2C_SetOwnAddress2	24	static
../Drivers/STM32WLxx_HAL_Driver/Inc/stm32wlxx_ll_i2c.h:897:22:LL_I2C_DisableOwnAddress2	16	static
../Drivers/STM32WLxx_HAL_Driver/Inc/stm32wlxx_ll_i2c.h:1879:22:LL_I2C_EnableAutoEndMode	16	static
../Core/Inc/sensor_log.h:32:20:format_csv_line	136	static
../Core/Inc/sensor_log.h:43:20:get_bno_data	56	static
../Core/Src/main.c:96:6:myprintf	16	static
../Core/Src/main.c:111:5:main	16	static
../Core/Src/main.c:222:6:SystemClock_Config	112	static
../Core/Src/main.c:261:13:MX_I2C1_Init	120	static
../Core/Src/main.c:326:13:MX_LPUART1_UART_Init	8	static
../Core/Src/main.c:373:13:MX_SPI1_Init	8	static
../Core/Src/main.c:411:13:MX_GPIO_Init	32	static
../Core/Src/main.c:441:6:Error_Handler	4	static,ignoring_inline_asm
